
Number of lexical errors: 0

Number of syntax errors: 1
  #1: line 6:14 no viable alternative at input 'publicintthis'
