
Number of lexical errors: 0

Number of syntax errors: 1
  #1: line 9:5 missing '=' at '912'
